2025-12-07 18:19:33,020 INFO o.a.j.u.JMeterUtils: Setting Locale to en_EN
2025-12-07 18:19:33,042 INFO o.a.j.JMeter: Loading user properties from: C:\Users\pedro\Downloads\apache-jmeter-5.6.3\apache-jmeter-5.6.3\bin\user.properties
2025-12-07 18:19:33,042 INFO o.a.j.JMeter: Loading system properties from: C:\Users\pedro\Downloads\apache-jmeter-5.6.3\apache-jmeter-5.6.3\bin\system.properties
2025-12-07 18:19:33,058 INFO o.a.j.JMeter: Copyright (c) 1998-2024 The Apache Software Foundation
2025-12-07 18:19:33,058 INFO o.a.j.JMeter: Version 5.6.3
2025-12-07 18:19:33,058 INFO o.a.j.JMeter: java.version=21.0.3
2025-12-07 18:19:33,058 INFO o.a.j.JMeter: java.vm.name=OpenJDK 64-Bit Server VM
2025-12-07 18:19:33,058 INFO o.a.j.JMeter: os.name=Windows 11
2025-12-07 18:19:33,058 INFO o.a.j.JMeter: os.arch=amd64
2025-12-07 18:19:33,058 INFO o.a.j.JMeter: os.version=10.0
2025-12-07 18:19:33,059 INFO o.a.j.JMeter: file.encoding=UTF-8
2025-12-07 18:19:33,059 INFO o.a.j.JMeter: java.awt.headless=null
2025-12-07 18:19:33,059 INFO o.a.j.JMeter: Max memory     =1073741824
2025-12-07 18:19:33,059 INFO o.a.j.JMeter: Available Processors =12
2025-12-07 18:19:33,074 INFO o.a.j.JMeter: Default Locale=English (EN)
2025-12-07 18:19:33,074 INFO o.a.j.JMeter: JMeter  Locale=English (EN)
2025-12-07 18:19:33,074 INFO o.a.j.JMeter: JMeterHome=C:\Users\pedro\Downloads\apache-jmeter-5.6.3\apache-jmeter-5.6.3
2025-12-07 18:19:33,074 INFO o.a.j.JMeter: user.dir  =C:\Users\pedro\Downloads\apache-jmeter-5.6.3\apache-jmeter-5.6.3\bin\tests
2025-12-07 18:19:33,075 INFO o.a.j.JMeter: PWD       =C:\Users\pedro\Downloads\apache-jmeter-5.6.3\apache-jmeter-5.6.3\bin\tests
2025-12-07 18:19:33,082 INFO o.a.j.JMeter: IP: 192.168.0.80 Name: pedro_asus FullName: pedro_asus
2025-12-07 18:19:33,102 INFO o.a.j.JMeter: Loaded icon properties from org/apache/jmeter/images/icon.properties
2025-12-07 18:19:33,343 INFO o.a.j.JMeterGuiLauncher: Setting LAF to: com.github.weisj.darklaf.DarkLaf:com.github.weisj.darklaf.theme.DarculaTheme
2025-12-07 18:19:34,679 INFO o.a.j.r.ClassFinder: Will scan jar C:\Users\pedro\Downloads\apache-jmeter-5.6.3\apache-jmeter-5.6.3\lib\ext\jmeter-plugins-dummy-0.4.jar with filter ExtendsClassFilter [parents=[interface org.apache.jmeter.gui.action.Command], inner=false, contains=null, notContains=null]. Consider exposing JMeter plugins via META-INF/services, and add JMeter-Skip-Class-Scanning=true manifest attribute so JMeter can skip classfile scanning
2025-12-07 18:19:34,688 INFO o.a.j.r.ClassFinder: Will scan jar C:\Users\pedro\Downloads\apache-jmeter-5.6.3\apache-jmeter-5.6.3\lib\ext\jmeter-plugins-fifo-0.2.jar with filter ExtendsClassFilter [parents=[interface org.apache.jmeter.gui.action.Command], inner=false, contains=null, notContains=null]. Consider exposing JMeter plugins via META-INF/services, and add JMeter-Skip-Class-Scanning=true manifest attribute so JMeter can skip classfile scanning
2025-12-07 18:19:34,696 INFO o.a.j.r.ClassFinder: Will scan jar C:\Users\pedro\Downloads\apache-jmeter-5.6.3\apache-jmeter-5.6.3\lib\ext\jmeter-plugins-tst-2.6.jar with filter ExtendsClassFilter [parents=[interface org.apache.jmeter.gui.action.Command], inner=false, contains=null, notContains=null]. Consider exposing JMeter plugins via META-INF/services, and add JMeter-Skip-Class-Scanning=true manifest attribute so JMeter can skip classfile scanning
2025-12-07 18:19:34,700 INFO o.a.j.r.ClassFinder: Will scan jar C:\Users\pedro\Downloads\apache-jmeter-5.6.3\apache-jmeter-5.6.3\lib\ext\jmeter-plugins-casutg-3.1.1.jar with filter ExtendsClassFilter [parents=[interface org.apache.jmeter.gui.action.Command], inner=false, contains=null, notContains=null]. Consider exposing JMeter plugins via META-INF/services, and add JMeter-Skip-Class-Scanning=true manifest attribute so JMeter can skip classfile scanning
2025-12-07 18:19:34,714 INFO o.a.j.r.ClassFinder: Will scan jar C:\Users\pedro\Downloads\apache-jmeter-5.6.3\apache-jmeter-5.6.3\lib\ext\jmeter-plugins-graphs-basic-2.0.jar with filter ExtendsClassFilter [parents=[interface org.apache.jmeter.gui.action.Command], inner=false, contains=null, notContains=null]. Consider exposing JMeter plugins via META-INF/services, and add JMeter-Skip-Class-Scanning=true manifest attribute so JMeter can skip classfile scanning
2025-12-07 18:19:34,720 INFO o.a.j.r.ClassFinder: Will scan jar C:\Users\pedro\Downloads\apache-jmeter-5.6.3\apache-jmeter-5.6.3\lib\ext\jmeter-plugins-ffw-2.0.jar with filter ExtendsClassFilter [parents=[interface org.apache.jmeter.gui.action.Command], inner=false, contains=null, notContains=null]. Consider exposing JMeter plugins via META-INF/services, and add JMeter-Skip-Class-Scanning=true manifest attribute so JMeter can skip classfile scanning
2025-12-07 18:19:34,722 INFO o.a.j.r.ClassFinder: Will scan jar C:\Users\pedro\Downloads\apache-jmeter-5.6.3\apache-jmeter-5.6.3\lib\ext\jmeter-plugins-functions-2.2.jar with filter ExtendsClassFilter [parents=[interface org.apache.jmeter.gui.action.Command], inner=false, contains=null, notContains=null]. Consider exposing JMeter plugins via META-INF/services, and add JMeter-Skip-Class-Scanning=true manifest attribute so JMeter can skip classfile scanning
2025-12-07 18:19:34,733 INFO o.a.j.r.ClassFinder: Will scan jar C:\Users\pedro\Downloads\apache-jmeter-5.6.3\apache-jmeter-5.6.3\lib\ext\jmeter-plugins-manager-1.11.jar with filter ExtendsClassFilter [parents=[interface org.apache.jmeter.gui.action.Command], inner=false, contains=null, notContains=null]. Consider exposing JMeter plugins via META-INF/services, and add JMeter-Skip-Class-Scanning=true manifest attribute so JMeter can skip classfile scanning
2025-12-07 18:19:34,873 INFO o.a.j.r.ClassFinder: Will scan jar C:\Users\pedro\Downloads\apache-jmeter-5.6.3\apache-jmeter-5.6.3\lib\ext\jmeter-plugins-perfmon-2.1.jar with filter ExtendsClassFilter [parents=[interface org.apache.jmeter.gui.action.Command], inner=false, contains=null, notContains=null]. Consider exposing JMeter plugins via META-INF/services, and add JMeter-Skip-Class-Scanning=true manifest attribute so JMeter can skip classfile scanning
2025-12-07 18:19:34,974 INFO o.a.j.r.ClassFinder: Will scan jar C:\Users\pedro\Downloads\apache-jmeter-5.6.3\apache-jmeter-5.6.3\lib\ext\jmeter-plugins-dummy-0.4.jar with filter ExtendsClassFilter [parents=[interface org.apache.jmeter.gui.plugin.MenuCreator], inner=false, contains=null, notContains=null]. Consider exposing JMeter plugins via META-INF/services, and add JMeter-Skip-Class-Scanning=true manifest attribute so JMeter can skip classfile scanning
2025-12-07 18:19:34,976 INFO o.a.j.r.ClassFinder: Will scan jar C:\Users\pedro\Downloads\apache-jmeter-5.6.3\apache-jmeter-5.6.3\lib\ext\jmeter-plugins-fifo-0.2.jar with filter ExtendsClassFilter [parents=[interface org.apache.jmeter.gui.plugin.MenuCreator], inner=false, contains=null, notContains=null]. Consider exposing JMeter plugins via META-INF/services, and add JMeter-Skip-Class-Scanning=true manifest attribute so JMeter can skip classfile scanning
2025-12-07 18:19:34,976 INFO o.a.j.r.ClassFinder: Will scan jar C:\Users\pedro\Downloads\apache-jmeter-5.6.3\apache-jmeter-5.6.3\lib\ext\jmeter-plugins-tst-2.6.jar with filter ExtendsClassFilter [parents=[interface org.apache.jmeter.gui.plugin.MenuCreator], inner=false, contains=null, notContains=null]. Consider exposing JMeter plugins via META-INF/services, and add JMeter-Skip-Class-Scanning=true manifest attribute so JMeter can skip classfile scanning
2025-12-07 18:19:34,979 INFO o.a.j.r.ClassFinder: Will scan jar C:\Users\pedro\Downloads\apache-jmeter-5.6.3\apache-jmeter-5.6.3\lib\ext\jmeter-plugins-casutg-3.1.1.jar with filter ExtendsClassFilter [parents=[interface org.apache.jmeter.gui.plugin.MenuCreator], inner=false, contains=null, notContains=null]. Consider exposing JMeter plugins via META-INF/services, and add JMeter-Skip-Class-Scanning=true manifest attribute so JMeter can skip classfile scanning
2025-12-07 18:19:34,980 INFO o.a.j.r.ClassFinder: Will scan jar C:\Users\pedro\Downloads\apache-jmeter-5.6.3\apache-jmeter-5.6.3\lib\ext\jmeter-plugins-graphs-basic-2.0.jar with filter ExtendsClassFilter [parents=[interface org.apache.jmeter.gui.plugin.MenuCreator], inner=false, contains=null, notContains=null]. Consider exposing JMeter plugins via META-INF/services, and add JMeter-Skip-Class-Scanning=true manifest attribute so JMeter can skip classfile scanning
2025-12-07 18:19:34,984 INFO o.a.j.r.ClassFinder: Will scan jar C:\Users\pedro\Downloads\apache-jmeter-5.6.3\apache-jmeter-5.6.3\lib\ext\jmeter-plugins-ffw-2.0.jar with filter ExtendsClassFilter [parents=[interface org.apache.jmeter.gui.plugin.MenuCreator], inner=false, contains=null, notContains=null]. Consider exposing JMeter plugins via META-INF/services, and add JMeter-Skip-Class-Scanning=true manifest attribute so JMeter can skip classfile scanning
2025-12-07 18:19:34,985 INFO o.a.j.r.ClassFinder: Will scan jar C:\Users\pedro\Downloads\apache-jmeter-5.6.3\apache-jmeter-5.6.3\lib\ext\jmeter-plugins-functions-2.2.jar with filter ExtendsClassFilter [parents=[interface org.apache.jmeter.gui.plugin.MenuCreator], inner=false, contains=null, notContains=null]. Consider exposing JMeter plugins via META-INF/services, and add JMeter-Skip-Class-Scanning=true manifest attribute so JMeter can skip classfile scanning
2025-12-07 18:19:34,986 INFO o.a.j.r.ClassFinder: Will scan jar C:\Users\pedro\Downloads\apache-jmeter-5.6.3\apache-jmeter-5.6.3\lib\ext\jmeter-plugins-manager-1.11.jar with filter ExtendsClassFilter [parents=[interface org.apache.jmeter.gui.plugin.MenuCreator], inner=false, contains=null, notContains=null]. Consider exposing JMeter plugins via META-INF/services, and add JMeter-Skip-Class-Scanning=true manifest attribute so JMeter can skip classfile scanning
2025-12-07 18:19:34,989 INFO o.a.j.r.ClassFinder: Will scan jar C:\Users\pedro\Downloads\apache-jmeter-5.6.3\apache-jmeter-5.6.3\lib\ext\jmeter-plugins-perfmon-2.1.jar with filter ExtendsClassFilter [parents=[interface org.apache.jmeter.gui.plugin.MenuCreator], inner=false, contains=null, notContains=null]. Consider exposing JMeter plugins via META-INF/services, and add JMeter-Skip-Class-Scanning=true manifest attribute so JMeter can skip classfile scanning
2025-12-07 18:19:35,154 INFO o.j.r.JARSourceHTTP: Found cached repo
2025-12-07 18:19:35,438 INFO o.j.r.PluginManager: Plugins Status: [jpgc-graphs-basic=2.0, jpgc-functions=2.2, jpgc-casutg=3.1.1, jpgc-dummy=0.4, jpgc-ffw=2.0, jpgc-fifo=0.2, jpgc-perfmon=2.1, jpgc-plugins-manager=1.11, jpgc-tst=2.6, jmeter-core=5.6.3, jmeter-ftp=5.6.3, jmeter-http=5.6.3, jmeter-jdbc=5.6.3, jmeter-jms=5.6.3, jmeter-junit=5.6.3, jmeter-java=5.6.3, jmeter-ldap=5.6.3, jmeter-mail=5.6.3, jmeter-mongodb=5.6.3, jmeter-native=5.6.3, jmeter-tcp=5.6.3, jmeter-components=5.6.3, jpgc-standard=2.0]
2025-12-07 18:19:49,527 INFO o.a.j.s.FileServer: Default base='C:\Users\pedro\Downloads\apache-jmeter-5.6.3\apache-jmeter-5.6.3\bin\tests'
2025-12-07 18:19:49,532 INFO o.a.j.g.a.Load: Loading file: C:\Users\pedro\Downloads\apache-jmeter-5.6.3\apache-jmeter-5.6.3\bin\tests\test.jmx
2025-12-07 18:19:49,532 INFO o.a.j.s.FileServer: Set new base='C:\Users\pedro\Downloads\apache-jmeter-5.6.3\apache-jmeter-5.6.3\bin\tests'
2025-12-07 18:19:49,782 INFO o.a.j.s.SaveService: Testplan (JMX) version: 2.2. Testlog (JTL) version: 2.2
2025-12-07 18:19:49,788 INFO o.a.j.s.SaveService: Using SaveService properties version 5.0
2025-12-07 18:19:49,791 INFO o.a.j.s.SaveService: Using SaveService properties file encoding UTF-8
2025-12-07 18:19:49,793 INFO o.a.j.s.SaveService: Loading file: C:\Users\pedro\Downloads\apache-jmeter-5.6.3\apache-jmeter-5.6.3\bin\tests\test.jmx
2025-12-07 18:19:49,898 INFO o.a.j.p.h.s.HTTPSamplerBase: Parser for text/html is org.apache.jmeter.protocol.http.parser.LagartoBasedHtmlParser
2025-12-07 18:19:49,898 INFO o.a.j.p.h.s.HTTPSamplerBase: Parser for application/xhtml+xml is org.apache.jmeter.protocol.http.parser.LagartoBasedHtmlParser
2025-12-07 18:19:49,898 INFO o.a.j.p.h.s.HTTPSamplerBase: Parser for application/xml is org.apache.jmeter.protocol.http.parser.LagartoBasedHtmlParser
2025-12-07 18:19:49,898 INFO o.a.j.p.h.s.HTTPSamplerBase: Parser for text/xml is org.apache.jmeter.protocol.http.parser.LagartoBasedHtmlParser
2025-12-07 18:19:49,898 INFO o.a.j.p.h.s.HTTPSamplerBase: Parser for text/vnd.wap.wml is org.apache.jmeter.protocol.http.parser.RegexpHTMLParser
2025-12-07 18:19:49,898 INFO o.a.j.p.h.s.HTTPSamplerBase: Parser for text/css is org.apache.jmeter.protocol.http.parser.CssParser
2025-12-07 18:19:50,316 INFO o.a.j.s.FileServer: Set new base='C:\Users\pedro\Downloads\apache-jmeter-5.6.3\apache-jmeter-5.6.3\bin\tests'
2025-12-07 18:19:56,970 INFO o.a.j.s.SampleResult: Note: Sample TimeStamps are START times
2025-12-07 18:19:56,970 INFO o.a.j.s.SampleResult: sampleresult.default.encoding is set to UTF-8
2025-12-07 18:19:56,971 INFO o.a.j.s.SampleResult: sampleresult.useNanoTime=true
2025-12-07 18:19:56,971 INFO o.a.j.s.SampleResult: sampleresult.nanoThreadSleep=5000
2025-12-07 18:19:56,973 INFO o.a.j.s.SampleEvent: List of sample_variables: []
2025-12-07 18:21:28,240 INFO o.a.j.r.ClassFinder: Will scan jar C:\Users\pedro\Downloads\apache-jmeter-5.6.3\apache-jmeter-5.6.3\lib\ext\jmeter-plugins-dummy-0.4.jar with filter ExtendsClassFilter [parents=[interface org.apache.jmeter.visualizers.backend.BackendListenerClient], inner=false, contains=null, notContains=null]. Consider exposing JMeter plugins via META-INF/services, and add JMeter-Skip-Class-Scanning=true manifest attribute so JMeter can skip classfile scanning
2025-12-07 18:21:28,240 INFO o.a.j.r.ClassFinder: Will scan jar C:\Users\pedro\Downloads\apache-jmeter-5.6.3\apache-jmeter-5.6.3\lib\ext\jmeter-plugins-fifo-0.2.jar with filter ExtendsClassFilter [parents=[interface org.apache.jmeter.visualizers.backend.BackendListenerClient], inner=false, contains=null, notContains=null]. Consider exposing JMeter plugins via META-INF/services, and add JMeter-Skip-Class-Scanning=true manifest attribute so JMeter can skip classfile scanning
2025-12-07 18:21:28,241 INFO o.a.j.r.ClassFinder: Will scan jar C:\Users\pedro\Downloads\apache-jmeter-5.6.3\apache-jmeter-5.6.3\lib\ext\jmeter-plugins-tst-2.6.jar with filter ExtendsClassFilter [parents=[interface org.apache.jmeter.visualizers.backend.BackendListenerClient], inner=false, contains=null, notContains=null]. Consider exposing JMeter plugins via META-INF/services, and add JMeter-Skip-Class-Scanning=true manifest attribute so JMeter can skip classfile scanning
2025-12-07 18:21:28,242 INFO o.a.j.r.ClassFinder: Will scan jar C:\Users\pedro\Downloads\apache-jmeter-5.6.3\apache-jmeter-5.6.3\lib\ext\jmeter-plugins-casutg-3.1.1.jar with filter ExtendsClassFilter [parents=[interface org.apache.jmeter.visualizers.backend.BackendListenerClient], inner=false, contains=null, notContains=null]. Consider exposing JMeter plugins via META-INF/services, and add JMeter-Skip-Class-Scanning=true manifest attribute so JMeter can skip classfile scanning
2025-12-07 18:21:28,242 INFO o.a.j.r.ClassFinder: Will scan jar C:\Users\pedro\Downloads\apache-jmeter-5.6.3\apache-jmeter-5.6.3\lib\ext\jmeter-plugins-graphs-basic-2.0.jar with filter ExtendsClassFilter [parents=[interface org.apache.jmeter.visualizers.backend.BackendListenerClient], inner=false, contains=null, notContains=null]. Consider exposing JMeter plugins via META-INF/services, and add JMeter-Skip-Class-Scanning=true manifest attribute so JMeter can skip classfile scanning
2025-12-07 18:21:28,244 INFO o.a.j.r.ClassFinder: Will scan jar C:\Users\pedro\Downloads\apache-jmeter-5.6.3\apache-jmeter-5.6.3\lib\ext\jmeter-plugins-ffw-2.0.jar with filter ExtendsClassFilter [parents=[interface org.apache.jmeter.visualizers.backend.BackendListenerClient], inner=false, contains=null, notContains=null]. Consider exposing JMeter plugins via META-INF/services, and add JMeter-Skip-Class-Scanning=true manifest attribute so JMeter can skip classfile scanning
2025-12-07 18:21:28,244 INFO o.a.j.r.ClassFinder: Will scan jar C:\Users\pedro\Downloads\apache-jmeter-5.6.3\apache-jmeter-5.6.3\lib\ext\jmeter-plugins-functions-2.2.jar with filter ExtendsClassFilter [parents=[interface org.apache.jmeter.visualizers.backend.BackendListenerClient], inner=false, contains=null, notContains=null]. Consider exposing JMeter plugins via META-INF/services, and add JMeter-Skip-Class-Scanning=true manifest attribute so JMeter can skip classfile scanning
2025-12-07 18:21:28,245 INFO o.a.j.r.ClassFinder: Will scan jar C:\Users\pedro\Downloads\apache-jmeter-5.6.3\apache-jmeter-5.6.3\lib\ext\jmeter-plugins-manager-1.11.jar with filter ExtendsClassFilter [parents=[interface org.apache.jmeter.visualizers.backend.BackendListenerClient], inner=false, contains=null, notContains=null]. Consider exposing JMeter plugins via META-INF/services, and add JMeter-Skip-Class-Scanning=true manifest attribute so JMeter can skip classfile scanning
2025-12-07 18:21:28,246 INFO o.a.j.r.ClassFinder: Will scan jar C:\Users\pedro\Downloads\apache-jmeter-5.6.3\apache-jmeter-5.6.3\lib\ext\jmeter-plugins-perfmon-2.1.jar with filter ExtendsClassFilter [parents=[interface org.apache.jmeter.visualizers.backend.BackendListenerClient], inner=false, contains=null, notContains=null]. Consider exposing JMeter plugins via META-INF/services, and add JMeter-Skip-Class-Scanning=true manifest attribute so JMeter can skip classfile scanning
